[urls] 57
[1/57] Double Wide                        loft=3.0 lie=70.0 hw=380.0 toe=37°
[2/57] Jailbird                           loft=3.0 lie=70.0 hw=380.0 toe=0°
[3/57] Jailbird T Versa 90                loft=3.0 lie=70.0 hw=380.0 toe=0°
[4/57] 2-Ball T                           loft=3.0 lie=70.0 hw=360.0 toe=0°
[5/57] Jailbird Mini T                    loft=3.0 lie=70.0 hw=360.0 toe=0°
[6/57] Rossie V T                         loft=3.0 lie=70.0 hw=360.0 toe=0°
[7/57] Double Wide                        loft=3.0 lie=70.0 hw=360.0 toe=37°
[8/57] #1                                 loft=3.0 lie=70.0 hw=355.0 toe=47°
[9/57] Rossie                             loft=3.0 lie=70.0 hw=360.0 toe=0°
[10/57] Jailbird Nano DB                   loft=3.0 lie=70.0 hw=360.0 toe=0°
[11/57] [MISS] 스펙표 없음 https://odyssey.callawaygolf.com/putters/dfx/putters-2025-dfx-2-ball-blade-ch.html
[12/57] #1 CH                              loft=3.0 lie=70.0 hw=350.0 toe=43°
[13/57] Ten S                              loft=3.0 lie=70.0 hw=360.0 toe=30°
[14/57] 2-Ball Eleven Tour Lined CH        loft=3.0 lie=70.0 hw=365.0 toe=20°
[15/57] 2-Ball Eleven Tour Lined S         loft=3.0 lie=70.0 hw=365.0 toe=40°
[16/57] Eleven Tour Lined DB               loft=3.0 lie=70.0 hw=365.0 toe=10°
[17/57] Eleven Tour Lined S                loft=3.0 lie=70.0 hw=365.0 toe=40°
[18/57] #1 CH                              loft=3.0 lie=70.0 hw=350.0 toe=43°
[19/57] Double Wide                        loft=3.0 lie=70.0 hw=350.0 toe=20°
[20/57] Marxman Fang                       loft=3.0 lie=70.0 hw=360.0 toe=0°
[21/57] Seven DB                           loft=3.0 lie=70.0 hw=360.0 toe=0°
[22/57] Seven S                            loft=3.0 lie=70.0 hw=360.0 toe=37°
[23/57] V-Line 2-Ball                      loft=3.0 lie=70.0 hw=360.0 toe=0°
[24/57] Chipper                            loft=37.0 lie=66.0 hw=None toe=None
[25/57] Jailbird CS                        loft=3.0 lie=72.0 hw=360.0 toe=90° Up
[26/57] #7 CS                              loft=3.0 lie=72.0 hw=360.0 toe=90° Up
[27/57] Ai-DUAL #1                         loft=3.0 lie=70.0 hw=350.0 toe=40°
[28/57] Ai-DUAL #7 ½ Ball S                loft=3.0 lie=70.0 hw=360.0 toe=35°
[29/57] Ai-DUAL #7 DB                      loft=3.0 lie=70.0 hw=360.0 toe=0°
[30/57] Ai-DUAL #7 S                       loft=3.0 lie=70.0 hw=360.0 toe=35°
[31/57] Ai-DUAL Jailbird 1/2 Ball Cruiser  loft=3.0 lie=70.0 hw=380.0 toe=0°
[32/57] Ai-DUAL Jailbird Cruiser           loft=3.0 lie=70.0 hw=380.0 toe=0°
[33/57] Ai-DUAL Double Wide ½ Ball         loft=3.0 lie=70.0 hw=355.0 toe=10°
[34/57] Ai-DUAL Double Wide                loft=3.0 lie=70.0 hw=355.0 toe=10°
[35/57] Ai-DUAL Jailbird Mini ½ Ball       loft=3.0 lie=70.0 hw=360.0 toe=0°
[36/57] Ai-DUAL Jailbird Mini              loft=3.0 lie=70.0 hw=360.0 toe=0°
[37/57] Ai-DUAL Freebird Cruiser           loft=3.0 lie=70.0 hw=380.0 toe=0°
[38/57] Ai-DUAL Freebird Mini              loft=3.0 lie=70.0 hw=360.0 toe=0°
[39/57] Jailbird Mini                      loft=3.0 lie=70.0 hw=355.0 toe=0°
[40/57] One Wide                           loft=3.0 lie=70.0 hw=350.0 toe=10°
[41/57] Seven                              loft=3.0 lie=70.0 hw=355.0 toe=0°
[42/57] Two                                loft=3.0 lie=70.0 hw=350.0 toe=45°
[43/57] Seven Square 2 Square              loft=3.0 lie=72.0 hw=355.0 toe=90° UP
[44/57] Jailbird                           loft=3.0 lie=70.0 hw=365.0 toe=90° UP
[45/57] Seven                              loft=3.0 lie=70.0 hw=365.0 toe=90 UP
[46/57] Jailbird                           loft=3.0 lie=70.0 hw=365.0 toe=90° UP
[47/57] Rossie                             loft=3.0 lie=70.0 hw=365.0 toe=90° UP
[48/57] Seven                              loft=3.0 lie=70.0 hw=365.0 toe=90° UP
[49/57] Ai-Dual Square 2 Square Jailbird   loft=3.0 lie=72.0 hw=360.0 toe=90° UP
[50/57] Ai-DUAL Square 2 Square MAX ½ Ball Cruiser loft=3.0 lie=72.0 hw=380.0 toe=90° UP
[51/57] Ai-DUAL Square 2 Square MAX ½ Ball Cruiser loft=3.0 lie=72.0 hw=380.0 toe=90° UP
[52/57] Ai-DUAL Square 2 Square MAX ½ Ball loft=3.0 lie=72.0 hw=365.0 toe=90° UP
[53/57] Ai-DUAL Square 2 Square #7         loft=3.0 lie=72.0 hw=360.0 toe=90° UP
[54/57] Jailbird Cruiser                   loft=3.0 lie=72.0 hw=385.0 toe=90° Up
[55/57] Jailbird                           loft=3.0 lie=72.0 hw=365.0 toe=90° Up
[56/57] Rossie                             loft=3.0 lie=72.0 hw=365.0 toe=90° Up
[57/57] #7                                 loft=3.0 lie=72.0 hw=365.0 toe=90° Up

[save] C:/Users/PC/Desktop/Ri-weather/coursedata/clubspecs/odyssey_putter.json
[stat] items=56 failed=1
[stat] filled={'loft_deg': 56, 'lie_deg': 56, 'head_type': 56, 'toe_hang': 55, 'head_weight_g': 55, 'lengths_in': 50, 'hands': 50}
    {'model': 'Double Wide', 'head_type': 'Blade', 'loft_deg': 3.0, 'lie_deg': 70.0, 'lengths_in': [38.0], 'toe_hang': '37°', 'head_weight_g': 380.0}
    {'model': 'Jailbird', 'head_type': 'Mallet', 'loft_deg': 3.0, 'lie_deg': 70.0, 'lengths_in': [38.0], 'toe_hang': '0°', 'head_weight_g': 380.0}
    {'model': 'Jailbird T Versa 90', 'head_type': 'Mallet', 'loft_deg': 3.0, 'lie_deg': 70.0, 'lengths_in': [38.0], 'toe_hang': '0°', 'head_weight_g': 380.0}
