== Titleist drivers ==
  ok  GT1 Driver                 blocks=1 items=15   compare=1
  ok  GTS2 Driver                blocks=1 items=11   compare=2
  ok  GTS3 Driver                blocks=1 items=11   compare=2
  ok  GTS4 Driver                blocks=1 items=11   compare=2
  ok  GTS300 Mini Driver         blocks=1 items=1    compare=0
-> C:\Users\PC\Desktop\Ri-weather\coursedata\clubspecs\titleist_drivers.json  pages=5 items=27 fail=0
   filled: loft_deg=27/27, lie_deg=27/27, length_in=27/27, head_size_cc=14/27, hand_availability=27/27, club=0/27
== Titleist irons ==
  ok  T100                       blocks=1 items=44   compare=2
  ok  T150                       blocks=1 items=44   compare=2
  ok  T250                       blocks=1 items=44   compare=2
  ok  T250 Launch Spec           blocks=1 items=44   compare=2
  ok  T350                       blocks=1 items=44   compare=2
  MISS https://www.titleist.com/product/620-cb/540C.html (no spec matrix)
  MISS https://www.titleist.com/product/620-mb/541C.html (no spec matrix)
  ok  T250•U                     blocks=1 items=7    compare=0
  ok  U•505                      blocks=1 items=7    compare=0
-> C:\Users\PC\Desktop\Ri-weather\coursedata\clubspecs\titleist_irons.json  pages=7 items=51 fail=2
   filled: loft_deg=51/51, lie_deg=51/51, length_in=51/51, head_size_cc=0/51, hand_availability=0/51, club=51/51
